// Jest Snapshot v1, https://goo.gl/fbAQLP

exports[`App component renders App 1`] = `
<Fragment>
  <Connect(AddNote) />
  <Connect(Notes) />
</Fragment>
`;
